-- goimports --
package imports //@import("package")

import (
	"bytes"
	"fmt"
)

func _() {
	fmt.Println("")
	bytes.NewBuffer(nil)
}

