-- goimports --
package main
func main()  {} //@import("main")

