package pkg

import "fmt"

type T1 string
type T2 T1
type T3 int
type T4 int
type T5 int
type T6 string
type T7 []byte
type T8 []MyByte

type T9 string
type T10 []byte
type T11 int

type MyByte byte

func (T3) String() string        { return "" }
func (T6) String() string        { return "" }
func (T4) String(arg int) string { return "" }
func (T5) String()               {}

func (T9) Format(f fmt.State, c rune)  {}
func (T10) Format(f fmt.State, c rune) {}
func (T11) Format(f fmt.State, c rune) {}
func (T11) String() string             { return "" }

func fn() {
	var t1 T1
	var t2 T2
	var t3 T3
	var t4 T4
	var t5 T5
	var t6 T6
	var t7 T7
	var t8 T8
	var t9 T9
	var t10 T10
	var t11 T11
	_ = "test"      // want `is already a string`
	_ = string(t1)  // want `is a string`
	_ = string(t2)  // want `is a string`
	_ = t3.String() // want `should use String\(\) instead of fmt\.Sprintf`
	_ = t3.String() // want `is already a string`
	_ = fmt.Sprintf("%s", t4)
	_ = fmt.Sprintf("%s", t5)
	_ = fmt.Sprintf("%s %s", t1, t2)
	_ = fmt.Sprintf("%v", t1)
	_ = t6.String() // want `should use String\(\) instead of fmt\.Sprintf`
	_ = string(t7)  // want `underlying type is a slice of bytes`
	_ = fmt.Sprintf("%s", t8)

	// don't simplify types that implement fmt.Formatter
	_ = fmt.Sprintf("%s", t9)
	_ = fmt.Sprintf("%s", t10)
	_ = fmt.Sprintf("%s", t11)
}
