package pkg

import "io"

func fn() {
	const SeekStart = 0
	var s io.Seeker
	s.Seek(0, 0)
	s.Seek(0, io.SeekStart)
	s.Seek(0, io.SeekStart) // want `the first argument of io\.Seeker is the offset`
	s.Seek(SeekStart, 0)
}
