module x

require (
	gopkg.in/mgo.v2 v2.0.0-20160818020120-3f83fa500528
	gopkg.in/yaml.v2 v2.2.1
)
