-- symbols --
RandomGopherVariableA Variable 3:5-3:26
RandomGopherConstantA Constant 5:7-5:28
randomgopherinvariable Constant 8:2-8:24

