-- functionextraction_extract_scope_5_2 --
package extract

func _() {
	newFunction := 1
	newFunction2(newFunction) //@extractfunc("a", "newFunction")
}

func newFunction2(newFunction int) {
	a := newFunction
}

func newFunction1() int {
	return 1
}

