-- suggestedfix_selector_5_2 --
package missingfunction

func selector() {
	m := map[int]bool{}
	undefinedSelector(m[1]) //@suggestedfix("undefinedSelector", "quickfix")
}

func undefinedSelector(b bool) {
	panic("unimplemented")
}

