package pkg

import "time"

func fn(t time.Time) {
	time.Until(t) // want `time\.Until`
	t.Sub(t)
	t2 := time.Now()
	t.Sub(t2)
}
