-- gofmt --
package format //@format("package")

import (
	"fmt"
	"log"
	"runtime"
)

func hello() {

	var x int //@diag("x", "compiler", "x declared but not used", "error")
}

func hi() {
	runtime.GOROOT()
	fmt.Printf("")

	log.Printf("")
}

