-- Foo(a string, b int) (c bool)-signature --
Foo(a string, b int) (c bool)

